Microchip MPLAB XC8 Compiler V2.32

Linker command line:

-W-3 --edf=C:\Program Files\Microchip\xc8\v2.32\pic\dat\en_msgs.txt -cn \
  -h+dist/default/production\24.1.UART_MASTER_P2P_STRING.X.production.sym \
  --cmf=dist/default/production\24.1.UART_MASTER_P2P_STRING.X.production.cmf \
  -z -Q16F877A -oC:\Users\Naseef\AppData\Local\Temp\xcAs514.4 \
  --defsym=__MPLAB_BUILD=1 \
  -Mdist/default/production/24.1.UART_MASTER_P2P_STRING.X.production.map \
  -E1 -ver=XC8 Compiler --acfsm=1493 -ASTACK=0110h-016Fh -pstack=STACK \
  -ACODE=00h-07FFhx4 -ASTRCODE=00h-01FFFh -ASTRING=00h-0FFhx32 \
  -ACONST=00h-0FFhx32 -AENTRY=00h-0FFhx32 -ACOMMON=070h-07Fh \
  -ABANK0=020h-06Fh -ABANK1=0A0h-0EFh -ABANK2=0110h-016Fh \
  -ABANK3=0190h-01EFh -ARAM=020h-06Fh,0A0h-0EFh,0110h-016Fh,0190h-01EFh \
  -AABS1=020h-07Fh,0A0h-0EFh,0110h-016Fh,0190h-01EFh -ASFR0=00h-01Fh \
  -ASFR1=080h-09Fh -ASFR2=0100h-010Fh -ASFR3=0180h-018Fh \
  -ACONFIG=02007h-02007h -DCONFIG=2 -AIDLOC=02000h-02003h -DIDLOC=2 \
  -AEEDATA=00h-0FFh/02100h -peeprom_data=EEDATA -DEEDATA=2 -DCODE=2 \
  -DSTRCODE=2 -DSTRING=2 -DCONST=2 -DENTRY=2 \
  -preset_vec=00h,intentry,init,end_init -ppowerup=CODE -pcinit=CODE \
  -pfunctab=ENTRY -k C:\Users\Naseef\AppData\Local\Temp\xcAs514.o \
  dist/default/production\24.1.UART_MASTER_P2P_STRING.X.production.o 

Object code version is 3.11

Machine type is 16F877A



                Name                               Link     Load   Length Selector   Space Scale
C:\Users\Naseef\AppData\Local\Temp\xcAs514.o
                end_init                              0        0        3        0       0
                config                             2007     2007        1        0       4
                idloc                              2000     2000        4        0       5
dist/default/production\24.1.UART_MASTER_P2P_STRING.X.production.o
                cinit                               7EE      7EE       12      FDC       0
                config                             2007     2007        1        0       4
                idloc                              2000     2000        4        0       5
                text5                               6F6      6F6       4D      DEC       0
                text4                               743      743       4D      E86       0
                text3                               6CE      6CE       28      D9C       0
                text2                               6AC      6AC        F      D58       0
                text1                               693      693        B      D26       0
                maintext                            790      790       5E      F20       0
                cstackBANK0                          20       20       10       20       1
                cstackCOMMON                         70       70        9       70       1
                inittext                            6BB      6BB       13      D76       0
                dataBANK0                            30       30        E       20       1
                idataBANK0                          69E      69E        E      D3C       0

TOTAL           Name                               Link     Load   Length     Space
        CLASS   STACK          

        CLASS   CODE           
                end_init                              0        0        3         0
                cinit                               7EE      7EE       12         0
                text5                               6F6      6F6       4D         0
                text4                               743      743       4D         0
                text3                               6CE      6CE       28         0
                text2                               6AC      6AC        F         0
                text1                               693      693        B         0
                maintext                            790      790       5E         0
                inittext                            6BB      6BB       13         0
                idataBANK0                          69E      69E        E         0

        CLASS   STRCODE        

        CLASS   STRING         

        CLASS   CONST          

        CLASS   ENTRY          

        CLASS   COMMON         
                cstackCOMMON                         70       70        9         1

        CLASS   BANK0          
                cstackBANK0                          20       20       10         1
                dataBANK0                            30       30        E         1

        CLASS   BANK1          

        CLASS   BANK2          

        CLASS   BANK3          

        CLASS   RAM            

        CLASS   ABS1           
                abs_s1                               7E       7E        2         1

        CLASS   SFR0           

        CLASS   SFR1           

        CLASS   SFR2           

        CLASS   SFR3           

        CLASS   CONFIG         
                config                             2007     2007        1         4

        CLASS   IDLOC          
                idloc                              2000     2000        4         5

        CLASS   EEDATA         



SEGMENTS        Name                           Load    Length   Top    Selector   Space  Class     Delta

                reset_vec                      000000  000003  000003         0       0  CODE        2
                cstackBANK0                    000020  00001E  00003E        20       1  BANK0       1
                cstackCOMMON                   000070  000009  000079        70       1  COMMON      1
                text1                          000693  00000B  00069E       D26       0  CODE        2
                idataBANK0                     00069E  00000E  0006AC       D3C       0  CODE        2
                text2                          0006AC  00000F  0006BB       D58       0  CODE        2
                inittext                       0006BB  000013  0006CE       D76       0  CODE        2
                text3                          0006CE  000028  0006F6       D9C       0  CODE        2
                text5                          0006F6  00004D  000743       DEC       0  CODE        2
                text4                          000743  00004D  000790       E86       0  CODE        2
                maintext                       000790  00005E  0007EE       F20       0  CODE        2
                cinit                          0007EE  000012  000800       FDC       0  CODE        2


UNUSED ADDRESS RANGES

        Name                Unused          Largest block    Delta
        BANK0            003E-006F             32           1
        BANK1            00A0-00EF             50           1
        BANK2            0110-016F             60           1
        BANK3            0190-01EF             60           1
        CODE             0003-0692            690           2
                         0800-1FFF            800
        COMMON           0079-007D              5           1
        CONST            0003-0692            100           2
                         0800-1FFF            100
        EEDATA           2100-21FF            100           2
        ENTRY            0003-0692            100           2
                         0800-1FFF            100
        RAM              003E-006F             32           1
                         00A0-00EF             50
                         0110-016F             60
                         0190-01EF             60
        SFR0             0000-001F             20           1
        SFR1             0080-009F             20           1
        SFR2             0100-010F             10           1
        SFR3             0180-018F             10           1
        STACK            0110-016F             60           1
        STRCODE          0003-0692            690           2
                         0800-1FFF           1800
        STRING           0003-0692            100           2
                         0800-1FFF            100

                                  Symbol Table

LCD_Command@cmd          cstackCOMMON 0072
LCD_data@data            cstackCOMMON 0072
_LCD_Command             text4        0743
_LCD_data                text5        06F6
_LCD_init                text3        06CE
_PORTD                   (abs)        0008
_RCIF                    (abs)        0065
_RCREG                   (abs)        001A
_RCSTA                   (abs)        0018
_RD1                     (abs)        0041
_RD2                     (abs)        0042
_RD3                     (abs)        0043
_SPBRG                   (abs)        0099
_TRISB                   (abs)        0086
_TRISC                   (abs)        0087
_TRISD                   (abs)        0088
_TXIF                    (abs)        0064
_TXREG                   (abs)        0019
_TXSTA                   (abs)        0098
__Habs1                  abs1         0000
__Hbank0                 bank0        0000
__Hbank1                 bank1        0000
__Hbank2                 bank2        0000
__Hbank3                 bank3        0000
__Hcinit                 cinit        0800
__Hclrtext               clrtext      0000
__Hcode                  code         0000
__Hcommon                common       0000
__Hconfig                config       2008
__HcstackBANK0           cstackBANK0  0000
__HcstackCOMMON          cstackCOMMON 0000
__HdataBANK0             dataBANK0    0000
__Heeprom_data           eeprom_data  0000
__Hend_init              end_init     0003
__Hfunctab               functab      0000
__HidataBANK0            idataBANK0   0000
__Hidloc                 idloc        2004
__Hinit                  init         0000
__Hinittext              inittext     0000
__Hintentry              intentry     0000
__Hmaintext              maintext     0000
__Hpowerup               powerup      0000
__Hram                   ram          0000
__Hreset_vec             reset_vec    0000
__Hsfr0                  sfr0         0000
__Hsfr1                  sfr1         0000
__Hsfr2                  sfr2         0000
__Hsfr3                  sfr3         0000
__Hspace_0               (abs)        0800
__Hspace_1               (abs)        0079
__Hspace_2               (abs)        0000
__Hspace_3               (abs)        0000
__Hspace_4               (abs)        400F
__Hstack                 stack        0000
__Hstrings               strings      0000
__Htext                  text         0000
__Labs1                  abs1         0000
__Lbank0                 bank0        0000
__Lbank1                 bank1        0000
__Lbank2                 bank2        0000
__Lbank3                 bank3        0000
__Lcinit                 cinit        07EE
__Lclrtext               clrtext      0000
__Lcode                  code         0000
__Lcommon                common       0000
__Lconfig                config       0000
__LcstackBANK0           cstackBANK0  0000
__LcstackCOMMON          cstackCOMMON 0000
__LdataBANK0             dataBANK0    0000
__Leeprom_data           eeprom_data  0000
__Lend_init              end_init     0000
__Lfunctab               functab      0000
__LidataBANK0            idataBANK0   0000
__Lidloc                 idloc        0000
__Linit                  init         0000
__Linittext              inittext     0000
__Lintentry              intentry     0000
__Lmaintext              maintext     0000
__Lpowerup               powerup      0000
__Lram                   ram          0000
__Lreset_vec             reset_vec    0000
__Lsfr0                  sfr0         0000
__Lsfr1                  sfr1         0000
__Lsfr2                  sfr2         0000
__Lsfr3                  sfr3         0000
__Lspace_0               (abs)        0000
__Lspace_1               (abs)        0000
__Lspace_2               (abs)        0000
__Lspace_3               (abs)        0000
__Lspace_4               (abs)        0000
__Lstack                 stack        0000
__Lstrings               strings      0000
__Ltext                  text         0000
__S0                     (abs)        0800
__S1                     (abs)        0079
__S2                     (abs)        0000
__S3                     (abs)        0000
___int_sp                stack        0000
___latbits               (abs)        0002
___sp                    stack        0000
___stackhi               (abs)        0000
___stacklo               (abs)        0000
__end_of_LCD_Command     text4        0790
__end_of_LCD_data        text5        0743
__end_of_LCD_init        text3        06F6
__end_of__initialization cinit        07FC
__end_of_main            maintext     07EE
__end_of_ser_int         text2        06BB
__end_of_tx              text1        069E
__initialization         cinit        07EE
__pcstackBANK0           cstackBANK0  0020
__pcstackCOMMON          cstackCOMMON 0070
__pdataBANK0             dataBANK0    0030
__pidataBANK0            idataBANK0   069E
__pmaintext              maintext     0790
__ptext1                 text1        0693
__ptext2                 text2        06AC
__ptext3                 text3        06CE
__ptext4                 text4        0743
__ptext5                 text5        06F6
__size_of_LCD_Command    (abs)        0000
__size_of_LCD_data       (abs)        0000
__size_of_LCD_init       (abs)        0000
__size_of_main           (abs)        0000
__size_of_ser_int        (abs)        0000
__size_of_tx             (abs)        0000
_main                    maintext     0790
_ser_int                 text2        06AC
_tx                      text1        0693
btemp                    (abs)        007E
end_of_initialization    cinit        07FC
init_fetch0              inittext     06BB
init_ram0                inittext     06BF
intlevel0                functab      0000
intlevel1                functab      0000
intlevel2                functab      0000
intlevel3                functab      0000
intlevel4                functab      0000
intlevel5                functab      0000
main@F893                dataBANK0    0030
main@i                   cstackBANK0  002E
main@str                 cstackBANK0  0020
reset_vec                reset_vec    0000
start                    init         0000
start_initialization     cinit        07EE
tx@a                     cstackCOMMON 0070
wtemp0                   (abs)        007E


MODULE INFORMATION

Module		Function		Class		Link	Load	Size
shared
		__initialization		CODE           	07EE	0000	14

shared estimated size: 14

main.c
		_LCD_Command   		CODE           	0743	0000	77
		_ser_int       		CODE           	06AC	0000	15
		_main          		CODE           	0790	0000	94
		_LCD_init      		CODE           	06CE	0000	40
		_LCD_data      		CODE           	06F6	0000	77
		_tx            		CODE           	0693	0000	11

main.c estimated size: 314

