Microchip MPLAB XC8 Compiler V2.32

Linker command line:

-W-3 --edf=C:\Program Files\Microchip\xc8\v2.32\pic\dat\en_msgs.txt -cn \
  -h+dist/default/production\13.LCD_20X4_ASSIGNMENT.X.production.sym \
  --cmf=dist/default/production\13.LCD_20X4_ASSIGNMENT.X.production.cmf -z \
  -Q16F877A -oC:\Users\Naseef\AppData\Local\Temp\xcAs4t4.4 \
  --defsym=__MPLAB_BUILD=1 \
  -Mdist/default/production/13.LCD_20X4_ASSIGNMENT.X.production.map -E1 \
  -ver=XC8 Compiler --acfsm=1493 -ASTACK=0110h-016Fh -pstack=STACK \
  -ACODE=00h-07FFhx4 -ASTRCODE=00h-01FFFh -ASTRING=00h-0FFhx32 \
  -ACONST=00h-0FFhx32 -AENTRY=00h-0FFhx32 -ACOMMON=070h-07Fh \
  -ABANK0=020h-06Fh -ABANK1=0A0h-0EFh -ABANK2=0110h-016Fh \
  -ABANK3=0190h-01EFh -ARAM=020h-06Fh,0A0h-0EFh,0110h-016Fh,0190h-01EFh \
  -AABS1=020h-07Fh,0A0h-0EFh,0110h-016Fh,0190h-01EFh -ASFR0=00h-01Fh \
  -ASFR1=080h-09Fh -ASFR2=0100h-010Fh -ASFR3=0180h-018Fh \
  -ACONFIG=02007h-02007h -DCONFIG=2 -AIDLOC=02000h-02003h -DIDLOC=2 \
  -AEEDATA=00h-0FFh/02100h -peeprom_data=EEDATA -DEEDATA=2 -DCODE=2 \
  -DSTRCODE=2 -DSTRING=2 -DCONST=2 -DENTRY=2 \
  -preset_vec=00h,intentry,init,end_init -ppowerup=CODE -pcinit=CODE \
  -pfunctab=ENTRY -k C:\Users\Naseef\AppData\Local\Temp\xcAs4t4.o \
  dist/default/production\13.LCD_20X4_ASSIGNMENT.X.production.o 

Object code version is 3.11

Machine type is 16F877A



                Name                               Link     Load   Length Selector   Space Scale
C:\Users\Naseef\AppData\Local\Temp\xcAs4t4.o
                end_init                              0        0        3        0       0
                config                             2007     2007        1        0       4
                idloc                              2000     2000        4        0       5
dist/default/production\13.LCD_20X4_ASSIGNMENT.X.production.o
                cinit                               7E1      7E1       1F      FC2       0
                config                             2007     2007        1        0       4
                idloc                              2000     2000        4        0       5
                text3                               635      635       14      C6A       0
                text2                               649      649       14      C92       0
                text1                               65D      65D       22      CBA       0
                maintext                            6B4      6B4      12D      D68       0
                cstackBANK0                          20       20       45       20       1
                cstackCOMMON                         70       70        9       70       1
                inittext                            622      622       13      C44       0
                dataBANK1                            A0       A0       35       A0       1
                dataBANK0                            65       65        6       20       1
                idataBANK1                          67F      67F       35      CFE       0
                idataBANK0                          61C      61C        6      C38       0

TOTAL           Name                               Link     Load   Length     Space
        CLASS   STACK          

        CLASS   CODE           
                end_init                              0        0        3         0
                cinit                               7E1      7E1       1F         0
                text3                               635      635       14         0
                text2                               649      649       14         0
                text1                               65D      65D       22         0
                maintext                            6B4      6B4      12D         0
                inittext                            622      622       13         0
                idataBANK1                          67F      67F       35         0
                idataBANK0                          61C      61C        6         0

        CLASS   STRCODE        

        CLASS   STRING         

        CLASS   CONST          

        CLASS   ENTRY          

        CLASS   COMMON         
                cstackCOMMON                         70       70        9         1

        CLASS   BANK0          
                cstackBANK0                          20       20       45         1
                dataBANK0                            65       65        6         1

        CLASS   BANK1          
                dataBANK1                            A0       A0       35         1

        CLASS   BANK2          

        CLASS   BANK3          

        CLASS   RAM            

        CLASS   ABS1           
                abs_s1                               7E       7E        2         1

        CLASS   SFR0           

        CLASS   SFR1           

        CLASS   SFR2           

        CLASS   SFR3           

        CLASS   CONFIG         
                config                             2007     2007        1         4

        CLASS   IDLOC          
                idloc                              2000     2000        4         5

        CLASS   EEDATA         



SEGMENTS        Name                           Load    Length   Top    Selector   Space  Class     Delta

                reset_vec                      000000  000003  000003         0       0  CODE        2
                cstackBANK0                    000020  00004B  00006B        20       1  BANK0       1
                cstackCOMMON                   000070  000009  000079        70       1  COMMON      1
                dataBANK1                      0000A0  000035  0000D5        A0       1  BANK1       1
                idataBANK0                     00061C  000006  000622       C38       0  CODE        2
                inittext                       000622  000013  000635       C44       0  CODE        2
                text3                          000635  000014  000649       C6A       0  CODE        2
                text2                          000649  000014  00065D       C92       0  CODE        2
                text1                          00065D  000022  00067F       CBA       0  CODE        2
                idataBANK1                     00067F  000035  0006B4       CFE       0  CODE        2
                maintext                       0006B4  00012D  0007E1       D68       0  CODE        2
                cinit                          0007E1  00001F  000800       FC2       0  CODE        2


UNUSED ADDRESS RANGES

        Name                Unused          Largest block    Delta
        BANK0            006B-006F              5           1
        BANK1            00D5-00EF             1B           1
        BANK2            0110-016F             60           1
        BANK3            0190-01EF             60           1
        CODE             0003-061B            619           2
                         0800-1FFF            800
        COMMON           0079-007D              5           1
        CONST            0003-061B            100           2
                         0800-1FFF            100
        EEDATA           2100-21FF            100           2
        ENTRY            0003-061B            100           2
                         0800-1FFF            100
        RAM              006B-006F              5           1
                         00D5-00EF             1B
                         0110-016F             60
                         0190-01EF             60
        SFR0             0000-001F             20           1
        SFR1             0080-009F             20           1
        SFR2             0100-010F             10           1
        SFR3             0180-018F             10           1
        STACK            0110-016F             60           1
        STRCODE          0003-061B            619           2
                         0800-1FFF           1800
        STRING           0003-061B            100           2
                         0800-1FFF            100

                                  Symbol Table

LCD_command@cmd          cstackCOMMON 0072
LCD_data@data            cstackCOMMON 0072
_LCD_command             text2        0649
_LCD_data                text3        0635
_LCD_init                text1        065D
_PORTB                   (abs)        0006
_RC0                     (abs)        0038
_RC1                     (abs)        0039
_TRISB                   (abs)        0086
_TRISC                   (abs)        0087
__Habs1                  abs1         0000
__Hbank0                 bank0        0000
__Hbank1                 bank1        0000
__Hbank2                 bank2        0000
__Hbank3                 bank3        0000
__Hcinit                 cinit        0800
__Hclrtext               clrtext      0000
__Hcode                  code         0000
__Hcommon                common       0000
__Hconfig                config       2008
__HcstackBANK0           cstackBANK0  0000
__HcstackCOMMON          cstackCOMMON 0000
__HdataBANK0             dataBANK0    0000
__HdataBANK1             dataBANK1    0000
__Heeprom_data           eeprom_data  0000
__Hend_init              end_init     0003
__Hfunctab               functab      0000
__HidataBANK0            idataBANK0   0000
__HidataBANK1            idataBANK1   0000
__Hidloc                 idloc        2004
__Hinit                  init         0000
__Hinittext              inittext     0000
__Hintentry              intentry     0000
__Hmaintext              maintext     0000
__Hpowerup               powerup      0000
__Hram                   ram          0000
__Hreset_vec             reset_vec    0000
__Hsfr0                  sfr0         0000
__Hsfr1                  sfr1         0000
__Hsfr2                  sfr2         0000
__Hsfr3                  sfr3         0000
__Hspace_0               (abs)        0800
__Hspace_1               (abs)        00D5
__Hspace_2               (abs)        0000
__Hspace_3               (abs)        0000
__Hspace_4               (abs)        400F
__Hstack                 stack        0000
__Hstrings               strings      0000
__Htext                  text         0000
__Labs1                  abs1         0000
__Lbank0                 bank0        0000
__Lbank1                 bank1        0000
__Lbank2                 bank2        0000
__Lbank3                 bank3        0000
__Lcinit                 cinit        07E1
__Lclrtext               clrtext      0000
__Lcode                  code         0000
__Lcommon                common       0000
__Lconfig                config       0000
__LcstackBANK0           cstackBANK0  0000
__LcstackCOMMON          cstackCOMMON 0000
__LdataBANK0             dataBANK0    0000
__LdataBANK1             dataBANK1    0000
__Leeprom_data           eeprom_data  0000
__Lend_init              end_init     0000
__Lfunctab               functab      0000
__LidataBANK0            idataBANK0   0000
__LidataBANK1            idataBANK1   0000
__Lidloc                 idloc        0000
__Linit                  init         0000
__Linittext              inittext     0000
__Lintentry              intentry     0000
__Lmaintext              maintext     0000
__Lpowerup               powerup      0000
__Lram                   ram          0000
__Lreset_vec             reset_vec    0000
__Lsfr0                  sfr0         0000
__Lsfr1                  sfr1         0000
__Lsfr2                  sfr2         0000
__Lsfr3                  sfr3         0000
__Lspace_0               (abs)        0000
__Lspace_1               (abs)        0000
__Lspace_2               (abs)        0000
__Lspace_3               (abs)        0000
__Lspace_4               (abs)        0000
__Lstack                 stack        0000
__Lstrings               strings      0000
__Ltext                  text         0000
__S0                     (abs)        0800
__S1                     (abs)        00D5
__S2                     (abs)        0000
__S3                     (abs)        0000
___int_sp                stack        0000
___latbits               (abs)        0002
___sp                    stack        0000
___stackhi               (abs)        0000
___stacklo               (abs)        0000
__end_of_LCD_command     text2        065D
__end_of_LCD_data        text3        0649
__end_of_LCD_init        text1        067F
__end_of__initialization cinit        07FC
__end_of_main            maintext     07E1
__initialization         cinit        07E1
__pcstackBANK0           cstackBANK0  0020
__pcstackCOMMON          cstackCOMMON 0070
__pdataBANK0             dataBANK0    0065
__pdataBANK1             dataBANK1    00A0
__pidataBANK0            idataBANK0   061C
__pidataBANK1            idataBANK1   067F
__pmaintext              maintext     06B4
__ptext1                 text1        065D
__ptext2                 text2        0649
__ptext3                 text3        0635
__size_of_LCD_command    (abs)        0000
__size_of_LCD_data       (abs)        0000
__size_of_LCD_init       (abs)        0000
__size_of_main           (abs)        0000
_main                    maintext     06B4
btemp                    (abs)        007E
end_of_initialization    cinit        07FC
init_fetch0              inittext     0622
init_ram0                inittext     0626
intlevel0                functab      0000
intlevel1                functab      0000
intlevel2                functab      0000
intlevel3                functab      0000
intlevel4                functab      0000
intlevel5                functab      0000
main@F884                dataBANK1    00A0
main@F887                dataBANK1    00C8
main@F890                dataBANK1    00BB
main@F893                dataBANK1    00AE
main@F896                dataBANK0    0065
main@a                   cstackBANK0  0020
main@b                   cstackBANK0  002E
main@c                   cstackBANK0  003B
main@d                   cstackBANK0  0048
main@e                   cstackBANK0  0055
main@i                   cstackBANK0  005B
main@i_51                cstackBANK0  005D
main@i_54                cstackBANK0  005F
main@i_57                cstackBANK0  0061
main@i_60                cstackBANK0  0063
reset_vec                reset_vec    0000
start                    init         0000
start_initialization     cinit        07E1
wtemp0                   (abs)        007E


MODULE INFORMATION

Module		Function		Class		Link	Load	Size
shared
		__initialization		CODE           	07E1	0000	27

shared estimated size: 27

main.c
		_main          		CODE           	06B4	0000	301
		_LCD_init      		CODE           	065D	0000	34
		_LCD_command   		CODE           	0649	0000	20
		_LCD_data      		CODE           	0635	0000	20

main.c estimated size: 375

