Microchip MPLAB XC8 Compiler V2.32

Linker command line:

-W-3 --edf=C:\Program Files\Microchip\xc8\v2.32\pic\dat\en_msgs.txt -cn \
  -h+dist/default/production\17.4x4_KEYPAD.X.production.sym \
  --cmf=dist/default/production\17.4x4_KEYPAD.X.production.cmf -z -Q16F877A \
  -oC:\Users\Naseef\AppData\Local\Temp\xcAs6go.4 --defsym=__MPLAB_BUILD=1 \
  -Mdist/default/production/17.4x4_KEYPAD.X.production.map -E1 \
  -ver=XC8 Compiler --acfsm=1493 -ASTACK=0110h-016Fh -pstack=STACK \
  -ACODE=00h-07FFhx4 -ASTRCODE=00h-01FFFh -ASTRING=00h-0FFhx32 \
  -ACONST=00h-0FFhx32 -AENTRY=00h-0FFhx32 -ACOMMON=070h-07Fh \
  -ABANK0=020h-06Fh -ABANK1=0A0h-0EFh -ABANK2=0110h-016Fh \
  -ABANK3=0190h-01EFh -ARAM=020h-06Fh,0A0h-0EFh,0110h-016Fh,0190h-01EFh \
  -AABS1=020h-07Fh,0A0h-0EFh,0110h-016Fh,0190h-01EFh -ASFR0=00h-01Fh \
  -ASFR1=080h-09Fh -ASFR2=0100h-010Fh -ASFR3=0180h-018Fh \
  -ACONFIG=02007h-02007h -DCONFIG=2 -AIDLOC=02000h-02003h -DIDLOC=2 \
  -AEEDATA=00h-0FFh/02100h -peeprom_data=EEDATA -DEEDATA=2 -DCODE=2 \
  -DSTRCODE=2 -DSTRING=2 -DCONST=2 -DENTRY=2 \
  -preset_vec=00h,intentry,init,end_init -ppowerup=CODE -pcinit=CODE \
  -pfunctab=ENTRY -k C:\Users\Naseef\AppData\Local\Temp\xcAs6go.o \
  dist/default/production\17.4x4_KEYPAD.X.production.o 

Object code version is 3.11

Machine type is 16F877A



                Name                               Link     Load   Length Selector   Space Scale
C:\Users\Naseef\AppData\Local\Temp\xcAs6go.o
                end_init                              0        0        3        0       0
                config                             2007     2007        1        0       4
                idloc                              2000     2000        4        0       5
dist/default/production\17.4x4_KEYPAD.X.production.o
                cinit                               7EC      7EC       14      FD8       0
                config                             2007     2007        1        0       4
                idloc                              2000     2000        4        0       5
                text6                               6A1      6A1      14B      D42       0
                text5                               547      547        8      A8E       0
                text4                               5B0      5B0       4C      B60       0
                text3                               572      572       1F      AE4       0
                text2                               5FC      5FC       4C      BF8       0
                text1                               591      591       1F      B22       0
                maintext                            648      648       59      C90       0
                cstackCOMMON                         70       70        7       70       1
                inittext                            55F      55F       13      ABE       0
                dataBANK0                            20       20       10       20       1
                bssCOMMON                            77       77        2       70       1
                strings                               3        3       16        6       0
                idataBANK0                          54F      54F       10      A9E       0

TOTAL           Name                               Link     Load   Length     Space
        CLASS   STACK          

        CLASS   CODE           
                end_init                              0        0        3         0
                cinit                               7EC      7EC       14         0
                text6                               6A1      6A1      14B         0
                text5                               547      547        8         0
                text4                               5B0      5B0       4C         0
                text3                               572      572       1F         0
                text2                               5FC      5FC       4C         0
                text1                               591      591       1F         0
                maintext                            648      648       59         0
                inittext                            55F      55F       13         0
                idataBANK0                          54F      54F       10         0

        CLASS   STRCODE        

        CLASS   STRING         
                strings                               3        3       16         0

        CLASS   CONST          

        CLASS   ENTRY          

        CLASS   COMMON         
                cstackCOMMON                         70       70        7         1
                bssCOMMON                            77       77        2         1

        CLASS   BANK0          
                dataBANK0                            20       20       10         1

        CLASS   BANK1          

        CLASS   BANK2          

        CLASS   BANK3          

        CLASS   RAM            

        CLASS   ABS1           
                abs_s1                               7E       7E        2         1

        CLASS   SFR0           

        CLASS   SFR1           

        CLASS   SFR2           

        CLASS   SFR3           

        CLASS   CONFIG         
                config                             2007     2007        1         4

        CLASS   IDLOC          
                idloc                              2000     2000        4         5

        CLASS   EEDATA         



SEGMENTS        Name                           Load    Length   Top    Selector   Space  Class     Delta

                reset_vec                      000000  000003  000003         0       0  CODE        2
                strings                        000003  000016  000019         6       0  STRING      2
                dataBANK0                      000020  000010  000030        20       1  BANK0       1
                cstackCOMMON                   000070  000009  000079        70       1  COMMON      1
                text5                          000547  000008  00054F       A8E       0  CODE        2
                idataBANK0                     00054F  000010  00055F       A9E       0  CODE        2
                inittext                       00055F  000013  000572       ABE       0  CODE        2
                text3                          000572  00001F  000591       AE4       0  CODE        2
                text1                          000591  00001F  0005B0       B22       0  CODE        2
                text4                          0005B0  00004C  0005FC       B60       0  CODE        2
                text2                          0005FC  00004C  000648       BF8       0  CODE        2
                maintext                       000648  000059  0006A1       C90       0  CODE        2
                text6                          0006A1  00014B  0007EC       D42       0  CODE        2
                cinit                          0007EC  000014  000800       FD8       0  CODE        2


UNUSED ADDRESS RANGES

        Name                Unused          Largest block    Delta
        BANK0            0030-006F             40           1
        BANK1            00A0-00EF             50           1
        BANK2            0110-016F             60           1
        BANK3            0190-01EF             60           1
        CODE             0019-0546            52E           2
                         0800-1FFF            800
        COMMON           0079-007D              5           1
        CONST            0019-0546            100           2
                         0800-1FFF            100
        EEDATA           2100-21FF            100           2
        ENTRY            0019-0546            100           2
                         0800-1FFF            100
        RAM              0030-006F             40           1
                         00A0-00EF             50
                         0110-016F             60
                         0190-01EF             60
        SFR0             0000-001F             20           1
        SFR1             0080-009F             20           1
        SFR2             0100-010F             10           1
        SFR3             0180-018F             10           1
        STACK            0110-016F             60           1
        STRCODE          0019-0546            52E           2
                         0800-1FFF           1800
        STRING           0019-0546            100           2
                         0800-1FFF            100

                                  Symbol Table

_PORTC                   (abs)        0007
_PORTD                   (abs)        0008
_RC2                     (abs)        003A
_RC3                     (abs)        003B
_RD0                     (abs)        0040
_RD1                     (abs)        0041
_RD2                     (abs)        0042
_RD3                     (abs)        0043
_RD4                     (abs)        0044
_RD5                     (abs)        0045
_RD6                     (abs)        0046
_RD7                     (abs)        0047
_TRISC                   (abs)        0087
_TRISD                   (abs)        0088
__Habs1                  abs1         0000
__Hbank0                 bank0        0000
__Hbank1                 bank1        0000
__Hbank2                 bank2        0000
__Hbank3                 bank3        0000
__HbssCOMMON             bssCOMMON    0000
__Hcinit                 cinit        0800
__Hclrtext               clrtext      0000
__Hcode                  code         0000
__Hcommon                common       0000
__Hconfig                config       2008
__HcstackCOMMON          cstackCOMMON 0000
__HdataBANK0             dataBANK0    0000
__Heeprom_data           eeprom_data  0000
__Hend_init              end_init     0003
__Hfunctab               functab      0000
__HidataBANK0            idataBANK0   0000
__Hidloc                 idloc        2004
__Hinit                  init         0000
__Hinittext              inittext     0000
__Hintentry              intentry     0000
__Hmaintext              maintext     0000
__Hpowerup               powerup      0000
__Hram                   ram          0000
__Hreset_vec             reset_vec    0000
__Hsfr0                  sfr0         0000
__Hsfr1                  sfr1         0000
__Hsfr2                  sfr2         0000
__Hsfr3                  sfr3         0000
__Hspace_0               (abs)        0800
__Hspace_1               (abs)        0079
__Hspace_2               (abs)        0000
__Hspace_3               (abs)        0000
__Hspace_4               (abs)        400F
__Hstack                 stack        0000
__Hstrings               strings      0000
__Htext                  text         0000
__Labs1                  abs1         0000
__Lbank0                 bank0        0000
__Lbank1                 bank1        0000
__Lbank2                 bank2        0000
__Lbank3                 bank3        0000
__LbssCOMMON             bssCOMMON    0000
__Lcinit                 cinit        07EC
__Lclrtext               clrtext      0000
__Lcode                  code         0000
__Lcommon                common       0000
__Lconfig                config       0000
__LcstackCOMMON          cstackCOMMON 0000
__LdataBANK0             dataBANK0    0000
__Leeprom_data           eeprom_data  0000
__Lend_init              end_init     0000
__Lfunctab               functab      0000
__LidataBANK0            idataBANK0   0000
__Lidloc                 idloc        0000
__Linit                  init         0000
__Linittext              inittext     0000
__Lintentry              intentry     0000
__Lmaintext              maintext     0000
__Lpowerup               powerup      0000
__Lram                   ram          0000
__Lreset_vec             reset_vec    0000
__Lsfr0                  sfr0         0000
__Lsfr1                  sfr1         0000
__Lsfr2                  sfr2         0000
__Lsfr3                  sfr3         0000
__Lspace_0               (abs)        0000
__Lspace_1               (abs)        0000
__Lspace_2               (abs)        0000
__Lspace_3               (abs)        0000
__Lspace_4               (abs)        0000
__Lstack                 stack        0000
__Lstrings               strings      0000
__Ltext                  text         0000
__S0                     (abs)        0800
__S1                     (abs)        0079
__S2                     (abs)        0000
__S3                     (abs)        0000
___int_sp                stack        0000
___latbits               (abs)        0002
___sp                    stack        0000
___stackhi               (abs)        0000
___stacklo               (abs)        0000
__end_of__initialization cinit        07FC
__end_of__stringtab      strings      0009
__end_of_cmd             text4        05FC
__end_of_dat             text2        0648
__end_of_key             text6        07EC
__end_of_keyinit         text5        054F
__end_of_lcd_init        text3        0591
__end_of_main            maintext     06A1
__end_of_show            text1        05B0
__initialization         cinit        07EC
__pbssCOMMON             bssCOMMON    0077
__pcstackCOMMON          cstackCOMMON 0070
__pdataBANK0             dataBANK0    0020
__pidataBANK0            idataBANK0   054F
__pmaintext              maintext     0648
__pstrings               strings      0003
__ptext1                 text1        0591
__ptext2                 text2        05FC
__ptext3                 text3        0572
__ptext4                 text4        05B0
__ptext5                 text5        0547
__ptext6                 text6        06A1
__size_of_cmd            (abs)        0000
__size_of_dat            (abs)        0000
__size_of_key            (abs)        0000
__size_of_keyinit        (abs)        0000
__size_of_lcd_init       (abs)        0000
__size_of_main           (abs)        0000
__size_of_show           (abs)        0000
__stringbase             strings      0008
__stringtab              strings      0003
_cmd                     text4        05B0
_colloc                  bssCOMMON    0077
_dat                     text2        05FC
_key                     text6        06A1
_keyinit                 text5        0547
_keypad                  dataBANK0    0020
_lcd_init                text3        0572
_main                    maintext     0648
_rowloc                  bssCOMMON    0078
_show                    text1        0591
btemp                    (abs)        007E
cmd@cmd                  cstackCOMMON 0072
dat@data                 cstackCOMMON 0072
end_of_initialization    cinit        07FC
init_fetch0              inittext     055F
init_ram0                inittext     0563
intlevel0                functab      0000
intlevel1                functab      0000
intlevel2                functab      0000
intlevel3                functab      0000
intlevel4                functab      0000
intlevel5                functab      0000
main@b                   cstackCOMMON 0076
reset_vec                reset_vec    0000
show@s                   cstackCOMMON 0074
start                    init         0000
start_initialization     cinit        07EC
wtemp0                   (abs)        007E


MODULE INFORMATION

Module		Function		Class		Link	Load	Size
shared
		__stringtab    		STRING         	0003	0000	6
		__initialization		CODE           	07EC	0000	16

shared estimated size: 22

main.c
		_dat           		CODE           	05FC	0000	76
		_main          		CODE           	0648	0000	89
		_keyinit       		CODE           	0547	0000	8
		_show          		CODE           	0591	0000	31
		_key           		CODE           	06A1	0000	331
		_cmd           		CODE           	05B0	0000	76
		_lcd_init      		CODE           	0572	0000	31

main.c estimated size: 642

