Microchip MPLAB XC8 Compiler V2.32

Linker command line:

-W-3 --edf=C:\Program Files\Microchip\xc8\v2.32\pic\dat\en_msgs.txt -cn \
  -h+dist/default/production\16.ADC.X.production.sym \
  --cmf=dist/default/production\16.ADC.X.production.cmf -z -Q16F877A \
  -oC:\Users\Naseef\AppData\Local\Temp\xcAs1rk.4 --defsym=__MPLAB_BUILD=1 \
  -Mdist/default/production/16.ADC.X.production.map -E1 -ver=XC8 Compiler \
  --acfsm=1493 -ASTACK=0110h-016Fh -pstack=STACK -ACODE=00h-07FFhx4 \
  -ASTRCODE=00h-01FFFh -ASTRING=00h-0FFhx32 -ACONST=00h-0FFhx32 \
  -AENTRY=00h-0FFhx32 -ACOMMON=070h-07Fh -ABANK0=020h-06Fh \
  -ABANK1=0A0h-0EFh -ABANK2=0110h-016Fh -ABANK3=0190h-01EFh \
  -ARAM=020h-06Fh,0A0h-0EFh,0110h-016Fh,0190h-01EFh \
  -AABS1=020h-07Fh,0A0h-0EFh,0110h-016Fh,0190h-01EFh -ASFR0=00h-01Fh \
  -ASFR1=080h-09Fh -ASFR2=0100h-010Fh -ASFR3=0180h-018Fh \
  -ACONFIG=02007h-02007h -DCONFIG=2 -AIDLOC=02000h-02003h -DIDLOC=2 \
  -AEEDATA=00h-0FFh/02100h -peeprom_data=EEDATA -DEEDATA=2 -DCODE=2 \
  -DSTRCODE=2 -DSTRING=2 -DCONST=2 -DENTRY=2 \
  -preset_vec=00h,intentry,init,end_init -ppowerup=CODE -pcinit=CODE \
  -pfunctab=ENTRY -k C:\Users\Naseef\AppData\Local\Temp\xcAs1rk.o \
  dist/default/production\16.ADC.X.production.o 

Object code version is 3.11

Machine type is 16F877A



                Name                               Link     Load   Length Selector   Space Scale
C:\Users\Naseef\AppData\Local\Temp\xcAs1rk.o
                end_init                              0        0        3        0       0
                config                             2007     2007        1        0       4
                idloc                              2000     2000        4        0       5
dist/default/production\16.ADC.X.production.o
                cinit                               7EE      7EE       12      FDC       0
                config                             2007     2007        1        0       4
                idloc                              2000     2000        4        0       5
                text14                              1C7      1C7        9      38E       0
                text13                              27C      27C       41      4F8       0
                text12                              512      512       9D      A24       0
                text11                              342      342       46      684       0
                text10                              2FE      2FE       44      5FC       0
                text9                               242      242       3A      484       0
                text8                               5AF      5AF       AD      B5E       0
                text7                               1E3      1E3       16      3C6       0
                text6                               2BD      2BD       41      57A       0
                text5                               49D      49D       75      93A       0
                text4                               214      214       2E      428       0
                text3                               436      436       67      86C       0
                text2                               3DD      3DD       59      7BA       0
                text1                               65C      65C      192      CB8       0
                maintext                            388      388       55      710       0
                cstackBANK0                          20       20       28       20       1
                cstackCOMMON                         70       70        E       70       1
                inittext                            1D0      1D0       13      3A0       0
                dataBANK0                            48       48       1B       20       1
                idataBANK0                          1F9      1F9       1B      3F2       0

TOTAL           Name                               Link     Load   Length     Space
        CLASS   STACK          

        CLASS   CODE           
                end_init                              0        0        3         0
                cinit                               7EE      7EE       12         0
                text14                              1C7      1C7        9         0
                text13                              27C      27C       41         0
                text12                              512      512       9D         0
                text11                              342      342       46         0
                text10                              2FE      2FE       44         0
                text9                               242      242       3A         0
                text8                               5AF      5AF       AD         0
                text7                               1E3      1E3       16         0
                text6                               2BD      2BD       41         0
                text5                               49D      49D       75         0
                text4                               214      214       2E         0
                text3                               436      436       67         0
                text2                               3DD      3DD       59         0
                text1                               65C      65C      192         0
                maintext                            388      388       55         0
                inittext                            1D0      1D0       13         0
                idataBANK0                          1F9      1F9       1B         0

        CLASS   STRCODE        

        CLASS   STRING         

        CLASS   CONST          

        CLASS   ENTRY          

        CLASS   COMMON         
                cstackCOMMON                         70       70        E         1

        CLASS   BANK0          
                cstackBANK0                          20       20       28         1
                dataBANK0                            48       48       1B         1

        CLASS   BANK1          

        CLASS   BANK2          

        CLASS   BANK3          

        CLASS   RAM            

        CLASS   ABS1           
                abs_s1                               7E       7E        2         1

        CLASS   SFR0           

        CLASS   SFR1           

        CLASS   SFR2           

        CLASS   SFR3           

        CLASS   CONFIG         
                config                             2007     2007        1         4

        CLASS   IDLOC          
                idloc                              2000     2000        4         5

        CLASS   EEDATA         



SEGMENTS        Name                           Load    Length   Top    Selector   Space  Class     Delta

                reset_vec                      000000  000003  000003         0       0  CODE        2
                cstackBANK0                    000020  000043  000063        20       1  BANK0       1
                cstackCOMMON                   000070  00000E  00007E        70       1  COMMON      1
                text14                         0001C7  000009  0001D0       38E       0  CODE        2
                inittext                       0001D0  000013  0001E3       3A0       0  CODE        2
                text7                          0001E3  000016  0001F9       3C6       0  CODE        2
                idataBANK0                     0001F9  00001B  000214       3F2       0  CODE        2
                text4                          000214  00002E  000242       428       0  CODE        2
                text9                          000242  00003A  00027C       484       0  CODE        2
                text13                         00027C  000041  0002BD       4F8       0  CODE        2
                text6                          0002BD  000041  0002FE       57A       0  CODE        2
                text10                         0002FE  000044  000342       5FC       0  CODE        2
                text11                         000342  000046  000388       684       0  CODE        2
                maintext                       000388  000055  0003DD       710       0  CODE        2
                text2                          0003DD  000059  000436       7BA       0  CODE        2
                text3                          000436  000067  00049D       86C       0  CODE        2
                text5                          00049D  000075  000512       93A       0  CODE        2
                text12                         000512  00009D  0005AF       A24       0  CODE        2
                text8                          0005AF  0000AD  00065C       B5E       0  CODE        2
                text1                          00065C  000192  0007EE       CB8       0  CODE        2
                cinit                          0007EE  000012  000800       FDC       0  CODE        2


UNUSED ADDRESS RANGES

        Name                Unused          Largest block    Delta
        BANK0            0063-006F              D           1
        BANK1            00A0-00EF             50           1
        BANK2            0110-016F             60           1
        BANK3            0190-01EF             60           1
        CODE             0003-01C6            1C4           2
                         0800-1FFF            800
        CONST            0003-01C6             FD           2
                         0800-1FFF            100
        EEDATA           2100-21FF            100           2
        ENTRY            0003-01C6             FD           2
                         0800-1FFF            100
        RAM              0063-006F              D           1
                         00A0-00EF             50
                         0110-016F             60
                         0190-01EF             60
        SFR0             0000-001F             20           1
        SFR1             0080-009F             20           1
        SFR2             0100-010F             10           1
        SFR3             0180-018F             10           1
        STACK            0110-016F             60           1
        STRCODE          0003-01C6            1C4           2
                         0800-1FFF           1800
        STRING           0003-01C6             FD           2
                         0800-1FFF            100

                                  Symbol Table

?___aldiv                cstackBANK0  0020
?___awdiv                cstackCOMMON 0070
?___awmod                cstackCOMMON 0070
?___lmul                 cstackCOMMON 0070
?___lwdiv                cstackCOMMON 0070
?___lwmod                cstackCOMMON 0070
LCD_Char@data            cstackCOMMON 0072
LCD_Command@cmnd         cstackCOMMON 0072
LCD_float@val            cstackBANK0  0040
LCD_float@volt           cstackBANK0  0042
LCD_heads@F924           dataBANK0    0057
LCD_heads@F926           dataBANK0    0048
LCD_heads@h1             cstackBANK0  002F
LCD_heads@h2             cstackBANK0  0020
LCD_heads@i              cstackBANK0  003B
LCD_heads@i_108          cstackBANK0  003D
LCD_num1@calb_val        cstackBANK0  0032
LCD_num1@digit1          cstackBANK0  0034
LCD_num1@digit2          cstackBANK0  0036
LCD_num1@digit3          cstackBANK0  0038
LCD_num1@remainder       cstackBANK0  003E
LCD_num1@result          cstackBANK0  003A
LCD_num1@result1         cstackBANK0  003C
LCD_num1@val             cstackBANK0  002E
LCD_num@digit1           cstackBANK0  0026
LCD_num@digit2           cstackBANK0  0028
LCD_num@digit3           cstackBANK0  0024
LCD_num@digit4           cstackBANK0  0020
LCD_num@remainder        cstackBANK0  002C
LCD_num@result           cstackBANK0  0022
LCD_num@result1          cstackBANK0  002A
LCD_num@val              cstackCOMMON 0079
_ADCON0                  (abs)        001F
_ADCON1                  (abs)        009F
_ADC_Init                text14       01C7
_ADRESH                  (abs)        001E
_ADRESL                  (abs)        009E
_GO_nDONE                (abs)        00FA
_LCD_Char                text13       027C
_LCD_Command             text6        02BD
_LCD_float               text7        01E3
_LCD_heads               text5        049D
_LCD_init                text4        0214
_LCD_num                 text1        065C
_LCD_num1                text8        05AF
_PORTB                   (abs)        0006
_RC0                     (abs)        0038
_RC1                     (abs)        0039
_TRISB                   (abs)        0086
_TRISC                   (abs)        0087
__Habs1                  abs1         0000
__Hbank0                 bank0        0000
__Hbank1                 bank1        0000
__Hbank2                 bank2        0000
__Hbank3                 bank3        0000
__Hcinit                 cinit        0800
__Hclrtext               clrtext      0000
__Hcode                  code         0000
__Hcommon                common       0000
__Hconfig                config       2008
__HcstackBANK0           cstackBANK0  0000
__HcstackCOMMON          cstackCOMMON 0000
__HdataBANK0             dataBANK0    0000
__Heeprom_data           eeprom_data  0000
__Hend_init              end_init     0003
__Hfunctab               functab      0000
__HidataBANK0            idataBANK0   0000
__Hidloc                 idloc        2004
__Hinit                  init         0000
__Hinittext              inittext     0000
__Hintentry              intentry     0000
__Hmaintext              maintext     0000
__Hpowerup               powerup      0000
__Hram                   ram          0000
__Hreset_vec             reset_vec    0000
__Hsfr0                  sfr0         0000
__Hsfr1                  sfr1         0000
__Hsfr2                  sfr2         0000
__Hsfr3                  sfr3         0000
__Hspace_0               (abs)        0800
__Hspace_1               (abs)        007E
__Hspace_2               (abs)        0000
__Hspace_3               (abs)        0000
__Hspace_4               (abs)        400F
__Hstack                 stack        0000
__Hstrings               strings      0000
__Htext                  text         0000
__Labs1                  abs1         0000
__Lbank0                 bank0        0000
__Lbank1                 bank1        0000
__Lbank2                 bank2        0000
__Lbank3                 bank3        0000
__Lcinit                 cinit        07EE
__Lclrtext               clrtext      0000
__Lcode                  code         0000
__Lcommon                common       0000
__Lconfig                config       0000
__LcstackBANK0           cstackBANK0  0000
__LcstackCOMMON          cstackCOMMON 0000
__LdataBANK0             dataBANK0    0000
__Leeprom_data           eeprom_data  0000
__Lend_init              end_init     0000
__Lfunctab               functab      0000
__LidataBANK0            idataBANK0   0000
__Lidloc                 idloc        0000
__Linit                  init         0000
__Linittext              inittext     0000
__Lintentry              intentry     0000
__Lmaintext              maintext     0000
__Lpowerup               powerup      0000
__Lram                   ram          0000
__Lreset_vec             reset_vec    0000
__Lsfr0                  sfr0         0000
__Lsfr1                  sfr1         0000
__Lsfr2                  sfr2         0000
__Lsfr3                  sfr3         0000
__Lspace_0               (abs)        0000
__Lspace_1               (abs)        0000
__Lspace_2               (abs)        0000
__Lspace_3               (abs)        0000
__Lspace_4               (abs)        0000
__Lstack                 stack        0000
__Lstrings               strings      0000
__Ltext                  text         0000
__S0                     (abs)        0800
__S1                     (abs)        007E
__S2                     (abs)        0000
__S3                     (abs)        0000
___aldiv                 text12       0512
___aldiv@counter         cstackBANK0  0028
___aldiv@dividend        cstackBANK0  0024
___aldiv@divisor         cstackBANK0  0020
___aldiv@quotient        cstackBANK0  002A
___aldiv@sign            cstackBANK0  0029
___awdiv                 text3        0436
___awdiv@counter         cstackCOMMON 0075
___awdiv@dividend        cstackCOMMON 0072
___awdiv@divisor         cstackCOMMON 0070
___awdiv@quotient        cstackCOMMON 0077
___awdiv@sign            cstackCOMMON 0076
___awmod                 text2        03DD
___awmod@counter         cstackCOMMON 0075
___awmod@dividend        cstackCOMMON 0072
___awmod@divisor         cstackCOMMON 0070
___awmod@sign            cstackCOMMON 0076
___int_sp                stack        0000
___latbits               (abs)        0002
___lmul                  text11       0342
___lmul@multiplicand     cstackCOMMON 0074
___lmul@multiplier       cstackCOMMON 0070
___lmul@product          cstackCOMMON 0079
___lwdiv                 text10       02FE
___lwdiv@counter         cstackCOMMON 0077
___lwdiv@dividend        cstackCOMMON 0072
___lwdiv@divisor         cstackCOMMON 0070
___lwdiv@quotient        cstackCOMMON 0075
___lwmod                 text9        0242
___lwmod@counter         cstackCOMMON 0075
___lwmod@dividend        cstackCOMMON 0072
___lwmod@divisor         cstackCOMMON 0070
___sp                    stack        0000
___stackhi               (abs)        0000
___stacklo               (abs)        0000
__end_of_ADC_Init        text14       01D0
__end_of_LCD_Char        text13       02BD
__end_of_LCD_Command     text6        02FE
__end_of_LCD_float       text7        01F9
__end_of_LCD_heads       text5        0512
__end_of_LCD_init        text4        0242
__end_of_LCD_num         text1        07EE
__end_of_LCD_num1        text8        065C
__end_of___aldiv         text12       05AF
__end_of___awdiv         text3        049D
__end_of___awmod         text2        0436
__end_of___lmul          text11       0388
__end_of___lwdiv         text10       0342
__end_of___lwmod         text9        027C
__end_of__initialization cinit        07FC
__end_of_main            maintext     03DD
__initialization         cinit        07EE
__pcstackBANK0           cstackBANK0  0020
__pcstackCOMMON          cstackCOMMON 0070
__pdataBANK0             dataBANK0    0048
__pidataBANK0            idataBANK0   01F9
__pmaintext              maintext     0388
__ptext1                 text1        065C
__ptext10                text10       02FE
__ptext11                text11       0342
__ptext12                text12       0512
__ptext13                text13       027C
__ptext14                text14       01C7
__ptext2                 text2        03DD
__ptext3                 text3        0436
__ptext4                 text4        0214
__ptext5                 text5        049D
__ptext6                 text6        02BD
__ptext7                 text7        01E3
__ptext8                 text8        05AF
__ptext9                 text9        0242
__size_of_ADC_Init       (abs)        0000
__size_of_LCD_Char       (abs)        0000
__size_of_LCD_Command    (abs)        0000
__size_of_LCD_float      (abs)        0000
__size_of_LCD_heads      (abs)        0000
__size_of_LCD_init       (abs)        0000
__size_of_LCD_num        (abs)        0000
__size_of_LCD_num1       (abs)        0000
__size_of___aldiv        (abs)        0000
__size_of___awdiv        (abs)        0000
__size_of___awmod        (abs)        0000
__size_of___lmul         (abs)        0000
__size_of___lwdiv        (abs)        0000
__size_of___lwmod        (abs)        0000
__size_of_main           (abs)        0000
_main                    maintext     0388
btemp                    (abs)        007E
end_of_initialization    cinit        07FC
init_fetch0              inittext     01D0
init_ram0                inittext     01D4
intlevel0                functab      0000
intlevel1                functab      0000
intlevel2                functab      0000
intlevel3                functab      0000
intlevel4                functab      0000
intlevel5                functab      0000
main@ADC_VALUE           cstackBANK0  0046
reset_vec                reset_vec    0000
start                    init         0000
start_initialization     cinit        07EE
wtemp0                   (abs)        007E


MODULE INFORMATION

Module		Function		Class		Link	Load	Size
C:\Program Files\Microchip\xc8\v2.32\pic\sources\c90\common\Umul32.c
		___lmul        		CODE           	0342	0000	70

C:\Program Files\Microchip\xc8\v2.32\pic\sources\c90\common\Umul32.c estimated size: 70

C:\Program Files\Microchip\xc8\v2.32\pic\sources\c90\common\lwmod.c
		___lwmod       		CODE           	0242	0000	58

C:\Program Files\Microchip\xc8\v2.32\pic\sources\c90\common\lwmod.c estimated size: 58

C:\Program Files\Microchip\xc8\v2.32\pic\sources\c90\common\awmod.c
		___awmod       		CODE           	03DD	0000	89

C:\Program Files\Microchip\xc8\v2.32\pic\sources\c90\common\awmod.c estimated size: 89

shared
		__initialization		CODE           	07EE	0000	14

shared estimated size: 14

C:\Program Files\Microchip\xc8\v2.32\pic\sources\c90\common\lwdiv.c
		___lwdiv       		CODE           	02FE	0000	68

C:\Program Files\Microchip\xc8\v2.32\pic\sources\c90\common\lwdiv.c estimated size: 68

C:\Program Files\Microchip\xc8\v2.32\pic\sources\c90\common\awdiv.c
		___awdiv       		CODE           	0436	0000	103

C:\Program Files\Microchip\xc8\v2.32\pic\sources\c90\common\awdiv.c estimated size: 103

main.c
		_LCD_Command   		CODE           	02BD	0000	65
		_main          		CODE           	0388	0000	85
		_LCD_Char      		CODE           	027C	0000	65
		_LCD_float     		CODE           	01E3	0000	22
		_LCD_init      		CODE           	0214	0000	46
		_LCD_num       		CODE           	065C	0000	402
		_LCD_num1      		CODE           	05AF	0000	173
		_LCD_heads     		CODE           	049D	0000	117
		_ADC_Init      		CODE           	01C7	0000	9

main.c estimated size: 984

C:\Program Files\Microchip\xc8\v2.32\pic\sources\c90\common\aldiv.c
		___aldiv       		CODE           	0512	0000	157

C:\Program Files\Microchip\xc8\v2.32\pic\sources\c90\common\aldiv.c estimated size: 157

